%!Adobe-FontList 1.13
%Locale:0x412

%BeginFont
Handler:DirectoryHandler
FontType:Invalid
OutlineFileName:D:\박진아\국립국어원리뉴얼프로젝트\korea\Font\NanumGothic.eot
FileModTime:1448502072
%EndFont

%BeginFont
Handler:DirectoryHandler
FontType:TrueType
FontName:NanumGothic
FamilyName:NanumGothic
StyleName:Regular
FullName:NanumGothic
MenuName:나눔고딕
StyleBits:0
FamilyNameNative:나눔고딕
StyleNameNative:Regular
FullNameNative:나눔고딕
WritingScript:Korean
OutlineFileName:D:\박진아\국립국어원리뉴얼프로젝트\korea\Font\NanumGothic.ttf
DataFormat:sfntData
FileLength:2346372
FileModTime:1448502074
WeightClass:400
WidthClass:5
AngleClass:0
%EndFont

%BeginFont
Handler:DirectoryHandler
FontType:Invalid
OutlineFileName:D:\박진아\국립국어원리뉴얼프로젝트\korea\Font\NanumGothic.woff
FileModTime:1448502074
%EndFont

%BeginFont
Handler:DirectoryHandler
FontType:Invalid
OutlineFileName:D:\박진아\국립국어원리뉴얼프로젝트\korea\Font\NanumGothicBold.eot
FileModTime:1448502076
%EndFont

%BeginFont
Handler:DirectoryHandler
FontType:TrueType
FontName:NanumGothicBold
FamilyName:NanumGothic
StyleName:Bold
FullName:NanumGothicBold
MenuName:나눔고딕
StyleBits:2
FamilyNameNative:나눔고딕
StyleNameNative:Bold
FullNameNative:나눔고딕 Bold
WritingScript:Korean
OutlineFileName:D:\박진아\국립국어원리뉴얼프로젝트\korea\Font\NanumGothicBold.ttf
DataFormat:sfntData
FileLength:4288380
FileModTime:1448502076
WeightClass:600
WidthClass:5
AngleClass:0
%EndFont

%BeginFont
Handler:DirectoryHandler
FontType:Invalid
OutlineFileName:D:\박진아\국립국어원리뉴얼프로젝트\korea\Font\NanumGothicBold.woff
FileModTime:1448502076
%EndFont

%BeginFont
Handler:DirectoryHandler
FontType:Invalid
OutlineFileName:D:\박진아\국립국어원리뉴얼프로젝트\korea\Font\NanumGothicExtraBold.eot
FileModTime:1448502076
%EndFont

%BeginFont
Handler:DirectoryHandler
FontType:TrueType
FontName:NanumGothicExtraBold
FamilyName:NanumGothic
StyleName:ExtraBold
FullName:NanumGothicExtraBold
MenuName:나눔고딕 ExtraBold
StyleBits:0
FamilyNameNative:나눔고딕
StyleNameNative:ExtraBold
FullNameNative:나눔고딕 ExtraBold
WritingScript:Korean
OutlineFileName:D:\박진아\국립국어원리뉴얼프로젝트\korea\Font\NanumGothicExtraBold.ttf
DataFormat:sfntData
FileLength:4171172
FileModTime:1448502078
WeightClass:700
WidthClass:5
AngleClass:0
%EndFont

%BeginFont
Handler:DirectoryHandler
FontType:Invalid
OutlineFileName:D:\박진아\국립국어원리뉴얼프로젝트\korea\Font\NanumGothicExtraBold.woff
FileModTime:1448502078
%EndFont

